10001John Smith                    005000000555-1234-______
10002Alice Johnson                 003000000555-5678-______
10003Bob Anderson                  007000000555-9876-______